Archive member included to satisfy reference by file (symbol)

/opt/st/stm32cubeide_1.15.1/plugins/com.st.stm32cube.ide.mcu.externaltools.gnu-tools-for-stm32.12.3.rel1.linux64_1.0.100.202403111256/tools/bin/../lib/gcc/arm-none-eabi/12.3.1/../../../../arm-none-eabi/lib/thumb/v7e-m+fp/hard/libc_nano.a(libc_a-exit.o)
                              /opt/st/stm32cubeide_1.15.1/plugins/com.st.stm32cube.ide.mcu.externaltools.gnu-tools-for-stm32.12.3.rel1.linux64_1.0.100.202403111256/tools/bin/../lib/gcc/arm-none-eabi/12.3.1/../../../../arm-none-eabi/lib/thumb/v7e-m+fp/hard/crt0.o (exit)
/opt/st/stm32cubeide_1.15.1/plugins/com.st.stm32cube.ide.mcu.externaltools.gnu-tools-for-stm32.12.3.rel1.linux64_1.0.100.202403111256/tools/bin/../lib/gcc/arm-none-eabi/12.3.1/../../../../arm-none-eabi/lib/thumb/v7e-m+fp/hard/libc_nano.a(libc_a-findfp.o)
                              /opt/st/stm32cubeide_1.15.1/plugins/com.st.stm32cube.ide.mcu.externaltools.gnu-tools-for-stm32.12.3.rel1.linux64_1.0.100.202403111256/tools/bin/../lib/gcc/arm-none-eabi/12.3.1/../../../../arm-none-eabi/lib/thumb/v7e-m+fp/hard/libc_nano.a(libc_a-exit.o) (__stdio_exit_handler)
/opt/st/stm32cubeide_1.15.1/plugins/com.st.stm32cube.ide.mcu.externaltools.gnu-tools-for-stm32.12.3.rel1.linux64_1.0.100.202403111256/tools/bin/../lib/gcc/arm-none-eabi/12.3.1/../../../../arm-none-eabi/lib/thumb/v7e-m+fp/hard/libc_nano.a(libc_a-fwalk.o)
                              /opt/st/stm32cubeide_1.15.1/plugins/com.st.stm32cube.ide.mcu.externaltools.gnu-tools-for-stm32.12.3.rel1.linux64_1.0.100.202403111256/tools/bin/../lib/gcc/arm-none-eabi/12.3.1/../../../../arm-none-eabi/lib/thumb/v7e-m+fp/hard/libc_nano.a(libc_a-findfp.o) (_fwalk_sglue)
/opt/st/stm32cubeide_1.15.1/plugins/com.st.stm32cube.ide.mcu.externaltools.gnu-tools-for-stm32.12.3.rel1.linux64_1.0.100.202403111256/tools/bin/../lib/gcc/arm-none-eabi/12.3.1/../../../../arm-none-eabi/lib/thumb/v7e-m+fp/hard/libc_nano.a(libc_a-stdio.o)
                              /opt/st/stm32cubeide_1.15.1/plugins/com.st.stm32cube.ide.mcu.externaltools.gnu-tools-for-stm32.12.3.rel1.linux64_1.0.100.202403111256/tools/bin/../lib/gcc/arm-none-eabi/12.3.1/../../../../arm-none-eabi/lib/thumb/v7e-m+fp/hard/libc_nano.a(libc_a-findfp.o) (__sread)
/opt/st/stm32cubeide_1.15.1/plugins/com.st.stm32cube.ide.mcu.externaltools.gnu-tools-for-stm32.12.3.rel1.linux64_1.0.100.202403111256/tools/bin/../lib/gcc/arm-none-eabi/12.3.1/../../../../arm-none-eabi/lib/thumb/v7e-m+fp/hard/libc_nano.a(libc_a-memset.o)
                              /opt/st/stm32cubeide_1.15.1/plugins/com.st.stm32cube.ide.mcu.externaltools.gnu-tools-for-stm32.12.3.rel1.linux64_1.0.100.202403111256/tools/bin/../lib/gcc/arm-none-eabi/12.3.1/../../../../arm-none-eabi/lib/thumb/v7e-m+fp/hard/crt0.o (memset)
/opt/st/stm32cubeide_1.15.1/plugins/com.st.stm32cube.ide.mcu.externaltools.gnu-tools-for-stm32.12.3.rel1.linux64_1.0.100.202403111256/tools/bin/../lib/gcc/arm-none-eabi/12.3.1/../../../../arm-none-eabi/lib/thumb/v7e-m+fp/hard/libc_nano.a(libc_a-closer.o)
                              /opt/st/stm32cubeide_1.15.1/plugins/com.st.stm32cube.ide.mcu.externaltools.gnu-tools-for-stm32.12.3.rel1.linux64_1.0.100.202403111256/tools/bin/../lib/gcc/arm-none-eabi/12.3.1/../../../../arm-none-eabi/lib/thumb/v7e-m+fp/hard/libc_nano.a(libc_a-stdio.o) (_close_r)
/opt/st/stm32cubeide_1.15.1/plugins/com.st.stm32cube.ide.mcu.externaltools.gnu-tools-for-stm32.12.3.rel1.linux64_1.0.100.202403111256/tools/bin/../lib/gcc/arm-none-eabi/12.3.1/../../../../arm-none-eabi/lib/thumb/v7e-m+fp/hard/libc_nano.a(libc_a-reent.o)
                              /opt/st/stm32cubeide_1.15.1/plugins/com.st.stm32cube.ide.mcu.externaltools.gnu-tools-for-stm32.12.3.rel1.linux64_1.0.100.202403111256/tools/bin/../lib/gcc/arm-none-eabi/12.3.1/../../../../arm-none-eabi/lib/thumb/v7e-m+fp/hard/libc_nano.a(libc_a-closer.o) (errno)
/opt/st/stm32cubeide_1.15.1/plugins/com.st.stm32cube.ide.mcu.externaltools.gnu-tools-for-stm32.12.3.rel1.linux64_1.0.100.202403111256/tools/bin/../lib/gcc/arm-none-eabi/12.3.1/../../../../arm-none-eabi/lib/thumb/v7e-m+fp/hard/libc_nano.a(libc_a-impure.o)
                              /opt/st/stm32cubeide_1.15.1/plugins/com.st.stm32cube.ide.mcu.externaltools.gnu-tools-for-stm32.12.3.rel1.linux64_1.0.100.202403111256/tools/bin/../lib/gcc/arm-none-eabi/12.3.1/../../../../arm-none-eabi/lib/thumb/v7e-m+fp/hard/libc_nano.a(libc_a-reent.o) (_impure_ptr)
/opt/st/stm32cubeide_1.15.1/plugins/com.st.stm32cube.ide.mcu.externaltools.gnu-tools-for-stm32.12.3.rel1.linux64_1.0.100.202403111256/tools/bin/../lib/gcc/arm-none-eabi/12.3.1/../../../../arm-none-eabi/lib/thumb/v7e-m+fp/hard/libc_nano.a(libc_a-lseekr.o)
                              /opt/st/stm32cubeide_1.15.1/plugins/com.st.stm32cube.ide.mcu.externaltools.gnu-tools-for-stm32.12.3.rel1.linux64_1.0.100.202403111256/tools/bin/../lib/gcc/arm-none-eabi/12.3.1/../../../../arm-none-eabi/lib/thumb/v7e-m+fp/hard/libc_nano.a(libc_a-stdio.o) (_lseek_r)
[...]
Memory Configuration

Name             Origin             Length             Attributes
CCMRAM           0x10000000         0x00010000         xrw
RAM              0x20000000         0x00020000         xrw
FLASH            0x08000000         0x00100000         xr
*default*        0x00000000         0xffffffff

Linker script and memory map

LOAD /opt/st/stm32cubeide_1.15.1/plugins/com.st.stm32cube.ide.mcu.externaltools.gnu-tools-for-stm32.12.3.rel1.linux64_1.0.100.202403111256/tools/bin/../lib/gcc/arm-none-eabi/12.3.1/thumb/v7e-m+fp/hard/crti.o
LOAD /opt/st/stm32cubeide_1.15.1/plugins/com.st.stm32cube.ide.mcu.externaltools.gnu-tools-for-stm32.12.3.rel1.linux64_1.0.100.202403111256/tools/bin/../lib/gcc/arm-none-eabi/12.3.1/thumb/v7e-m+fp/hard/crtbegin.o
LOAD /opt/st/stm32cubeide_1.15.1/plugins/com.st.stm32cube.ide.mcu.externaltools.gnu-tools-for-stm32.12.3.rel1.linux64_1.0.100.202403111256/tools/bin/../lib/gcc/arm-none-eabi/12.3.1/../../../../arm-none-eabi/lib/thumb/v7e-m+fp/hard/crt0.o
LOAD ./Core/Src/main.o
LOAD ./Core/Src/stm32f4xx_hal_msp.o
LOAD ./Core/Src/stm32f4xx_hal_timebase_tim.o
LOAD ./Core/Src/stm32f4xx_it.o
LOAD ./Core/Src/syscalls.o
LOAD ./Core/Src/system_stm32f4xx.o
LOAD ./Core/Startup/startup_stm32f407vgtx.o
LOAD ./Drivers/STM32F4xx_HAL_Driver/Src/stm32f4xx_hal.o
LOAD ./Drivers/STM32F4xx_HAL_Driver/Src/stm32f4xx_hal_cortex.o
LOAD ./Drivers/STM32F4xx_HAL_Driver/Src/stm32f4xx_hal_dma.o
LOAD ./Drivers/STM32F4xx_HAL_Driver/Src/stm32f4xx_hal_dma_ex.o
LOAD ./Drivers/STM32F4xx_HAL_Driver/Src/stm32f4xx_hal_exti.o
LOAD ./Drivers/STM32F4xx_HAL_Driver/Src/stm32f4xx_hal_flash.o
LOAD ./Drivers/STM32F4xx_HAL_Driver/Src/stm32f4xx_hal_flash_ex.o
LOAD ./Drivers/STM32F4xx_HAL_Driver/Src/stm32f4xx_hal_flash_ramfunc.o
LOAD ./Drivers/STM32F4xx_HAL_Driver/Src/stm32f4xx_hal_gpio.o
LOAD ./Drivers/STM32F4xx_HAL_Driver/Src/stm32f4xx_hal_pwr.o
LOAD ./Drivers/STM32F4xx_HAL_Driver/Src/stm32f4xx_hal_pwr_ex.o
LOAD ./Drivers/STM32F4xx_HAL_Driver/Src/stm32f4xx_hal_rcc.o
LOAD ./Drivers/STM32F4xx_HAL_Driver/Src/stm32f4xx_hal_rcc_ex.o
LOAD ./Drivers/STM32F4xx_HAL_Driver/Src/stm32f4xx_hal_tim.o
LOAD ./Drivers/STM32F4xx_HAL_Driver/Src/stm32f4xx_hal_tim_ex.o
LOAD ./ThirdParty/FreeRTOS/croutine.o
LOAD ./ThirdParty/FreeRTOS/event_groups.o
LOAD ./ThirdParty/FreeRTOS/list.o
LOAD ./ThirdParty/FreeRTOS/queue.o
LOAD ./ThirdParty/FreeRTOS/stream_buffer.o
LOAD ./ThirdParty/FreeRTOS/tasks.o
LOAD ./ThirdParty/FreeRTOS/timers.o
LOAD ./ThirdParty/FreeRTOS/portable/GCC/ARM_CM4F/port.o
LOAD ./ThirdParty/FreeRTOS/portable/MemMang/heap_4.o
START GROUP
LOAD /opt/st/stm32cubeide_1.15.1/plugins/com.st.stm32cube.ide.mcu.externaltools.gnu-tools-for-stm32.12.3.rel1.linux64_1.0.100.202403111256/tools/bin/../lib/gcc/arm-none-eabi/12.3.1/../../../../arm-none-eabi/lib/thumb/v7e-m+fp/hard/libc_nano.a
LOAD /opt/st/stm32cubeide_1.15.1/plugins/com.st.stm32cube.ide.mcu.externaltools.gnu-tools-for-stm32.12.3.rel1.linux64_1.0.100.202403111256/tools/bin/../lib/gcc/arm-none-eabi/12.3.1/../../../../arm-none-eabi/lib/thumb/v7e-m+fp/hard/libm.a
END GROUP
START GROUP
LOAD /opt/st/stm32cubeide_1.15.1/plugins/com.st.stm32cube.ide.mcu.externaltools.gnu-tools-for-stm32.12.3.rel1.linux64_1.0.100.202403111256/tools/bin/../lib/gcc/arm-none-eabi/12.3.1/thumb/v7e-m+fp/hard/libgcc.a
LOAD /opt/st/stm32cubeide_1.15.1/plugins/com.st.stm32cube.ide.mcu.externaltools.gnu-tools-for-stm32.12.3.rel1.linux64_1.0.100.202403111256/tools/bin/../lib/gcc/arm-none-eabi/12.3.1/../../../../arm-none-eabi/lib/thumb/v7e-m+fp/hard/libc_nano.a
END GROUP
START GROUP
LOAD /opt/st/stm32cubeide_1.15.1/plugins/com.st.stm32cube.ide.mcu.externaltools.gnu-tools-for-stm32.12.3.rel1.linux64_1.0.100.202403111256/tools/bin/../lib/gcc/arm-none-eabi/12.3.1/thumb/v7e-m+fp/hard/libgcc.a
LOAD /opt/st/stm32cubeide_1.15.1/plugins/com.st.stm32cube.ide.mcu.externaltools.gnu-tools-for-stm32.12.3.rel1.linux64_1.0.100.202403111256/tools/bin/../lib/gcc/arm-none-eabi/12.3.1/../../../../arm-none-eabi/lib/thumb/v7e-m+fp/hard/libc_nano.a
LOAD /opt/st/stm32cubeide_1.15.1/plugins/com.st.stm32cube.ide.mcu.externaltools.gnu-tools-for-stm32.12.3.rel1.linux64_1.0.100.202403111256/tools/bin/../lib/gcc/arm-none-eabi/12.3.1/../../../../arm-none-eabi/lib/thumb/v7e-m+fp/hard/libnosys.a
END GROUP
START GROUP
LOAD /opt/st/stm32cubeide_1.15.1/plugins/com.st.stm32cube.ide.mcu.externaltools.gnu-tools-for-stm32.12.3.rel1.linux64_1.0.100.202403111256/tools/bin/../lib/gcc/arm-none-eabi/12.3.1/thumb/v7e-m+fp/hard/libgcc.a
LOAD /opt/st/stm32cubeide_1.15.1/plugins/com.st.stm32cube.ide.mcu.externaltools.gnu-tools-for-stm32.12.3.rel1.linux64_1.0.100.202403111256/tools/bin/../lib/gcc/arm-none-eabi/12.3.1/../../../../arm-none-eabi/lib/thumb/v7e-m+fp/hard/libc_nano.a
LOAD /opt/st/stm32cubeide_1.15.1/plugins/com.st.stm32cube.ide.mcu.externaltools.gnu-tools-for-stm32.12.3.rel1.linux64_1.0.100.202403111256/tools/bin/../lib/gcc/arm-none-eabi/12.3.1/../../../../arm-none-eabi/lib/thumb/v7e-m+fp/hard/libnosys.a
END GROUP
LOAD /opt/st/stm32cubeide_1.15.1/plugins/com.st.stm32cube.ide.mcu.externaltools.gnu-tools-for-stm32.12.3.rel1.linux64_1.0.100.202403111256/tools/bin/../lib/gcc/arm-none-eabi/12.3.1/thumb/v7e-m+fp/hard/crtend.o
LOAD /opt/st/stm32cubeide_1.15.1/plugins/com.st.stm32cube.ide.mcu.externaltools.gnu-tools-for-stm32.12.3.rel1.linux64_1.0.100.202403111256/tools/bin/../lib/gcc/arm-none-eabi/12.3.1/thumb/v7e-m+fp/hard/crtn.o
                0x20020000                        _estack = (ORIGIN (RAM) + LENGTH (RAM))
                0x00000200                        _Min_Heap_Size = 0x200
                0x00000400                        _Min_Stack_Size = 0x400

.isr_vector     0x08000000      0x188
                0x08000000                        . = ALIGN (0x4)
 *(.isr_vector)
 .isr_vector    0x08000000      0x188 ./Core/Startup/startup_stm32f407vgtx.o
                0x08000000                g_pfnVectors
                0x08000188                        . = ALIGN (0x4)

.text           0x08000190     0x2d6c
                0x08000190                        . = ALIGN (0x4)
 *(.text)
 .text          0x08000190       0x40 /opt/st/stm32cubeide_1.15.1/plugins/com.st.stm32cube.ide.mcu.externaltools.gnu-tools-for-stm32.12.3.rel1.linux64_1.0.100.202403111256/tools/bin/../lib/gcc/arm-none-eabi/12.3.1/thumb/v7e-m+fp/hard/crtbegin.o
 .text          0x080001d0       0x30 /opt/st/stm32cubeide_1.15.1/plugins/com.st.stm32cube.ide.mcu.externaltools.gnu-tools-for-stm32.12.3.rel1.linux64_1.0.100.202403111256/tools/bin/../lib/gcc/arm-none-eabi/12.3.1/thumb/v7e-m+fp/hard/libgcc.a(_aeabi_uldivmod.o)
                0x080001d0                __aeabi_uldivmod
 .text          0x08000200      0x2bc /opt/st/stm32cubeide_1.15.1/plugins/com.st.stm32cube.ide.mcu.externaltools.gnu-tools-for-stm32.12.3.rel1.linux64_1.0.100.202403111256/tools/bin/../lib/gcc/arm-none-eabi/12.3.1/thumb/v7e-m+fp/hard/libgcc.a(_udivmoddi4.o)
                0x08000200                __udivmoddi4
 .text          0x080004bc        0x4 /opt/st/stm32cubeide_1.15.1/plugins/com.st.stm32cube.ide.mcu.externaltools.gnu-tools-for-stm32.12.3.rel1.linux64_1.0.100.202403111256/tools/bin/../lib/gcc/arm-none-eabi/12.3.1/thumb/v7e-m+fp/hard/libgcc.a(_dvmd_tls.o)
                0x080004bc                __aeabi_ldiv0
                0x080004bc                __aeabi_idiv0
 *(.text*)
 .text.main     0x080004c0       0x98 ./Core/Src/main.o
                0x080004c0                main
 .text.SystemClock_Config
                0x08000558       0xd4 ./Core/Src/main.o
                0x08000558                SystemClock_Config
 .text.MX_GPIO_Init
                0x0800062c      0x2bc ./Core/Src/main.o
 .text.task1_handler
                0x080008e8       0x14 ./Core/Src/main.o
 .text.task2_handler
                0x080008fc       0x14 ./Core/Src/main.o
 .text.HAL_TIM_PeriodElapsedCallback
                0x08000910       0x24 ./Core/Src/main.o
                0x08000910                HAL_TIM_PeriodElapsedCallback
 .text.Error_Handler
                0x08000934        0xc ./Core/Src/main.o
                0x08000934                Error_Handler
 .text.HAL_MspInit
                0x08000940       0x50 ./Core/Src/stm32f4xx_hal_msp.o
                0x08000940                HAL_MspInit
 .text.HAL_InitTick
                0x08000990       0xf8 ./Core/Src/stm32f4xx_hal_timebase_tim.o
                0x08000990                HAL_InitTick
 .text.NMI_Handler
                0x08000a88        0x8 ./Core/Src/stm32f4xx_it.o
                0x08000a88                NMI_Handler
 .text.HardFault_Handler
                0x08000a90        0x8 ./Core/Src/stm32f4xx_it.o
                0x08000a90                HardFault_Handler
 .text.MemManage_Handler
                0x08000a98        0x8 ./Core/Src/stm32f4xx_it.o
                0x08000a98                MemManage_Handler
 .text.BusFault_Handler
                0x08000aa0        0x8 ./Core/Src/stm32f4xx_it.o
                0x08000aa0                BusFault_Handler
 .text.UsageFault_Handler
                0x08000aa8        0x8 ./Core/Src/stm32f4xx_it.o
                0x08000aa8                UsageFault_Handler
 .text.DebugMon_Handler
                0x08000ab0        0xe ./Core/Src/stm32f4xx_it.o
                0x08000ab0                DebugMon_Handler
 *fill*         0x08000abe        0x2 
 .text.TIM6_DAC_IRQHandler
                0x08000ac0       0x14 ./Core/Src/stm32f4xx_it.o
                0x08000ac0                TIM6_DAC_IRQHandler
 .text.SystemInit
                0x08000ad4       0x24 ./Core/Src/system_stm32f4xx.o
                0x08000ad4                SystemInit
 .text.Reset_Handler
                0x08000af8       0x50 ./Core/Startup/startup_stm32f407vgtx.o
                0x08000af8                Reset_Handler
 .text.Default_Handler
                0x08000b48        0x2 ./Core/Startup/startup_stm32f407vgtx.o
                0x08000b48                RTC_Alarm_IRQHandler
                0x08000b48                HASH_RNG_IRQHandler
                0x08000b48                EXTI2_IRQHandler
                0x08000b48                TIM8_CC_IRQHandler
                0x08000b48                TIM1_CC_IRQHandler
                0x08000b48                DMA2_Stream5_IRQHandler
                0x08000b48                DMA1_Stream5_IRQHandler
                0x08000b48                PVD_IRQHandler
                0x08000b48                SDIO_IRQHandler
                0x08000b48                TAMP_STAMP_IRQHandler
                0x08000b48                CAN2_RX1_IRQHandler
                0x08000b48                EXTI3_IRQHandler
                0x08000b48                TIM8_TRG_COM_TIM14_IRQHandler
                0x08000b48                TIM1_UP_TIM10_IRQHandler
                0x08000b48                TIM8_UP_TIM13_IRQHandler
                0x08000b48                I2C3_ER_IRQHandler
                0x08000b48                EXTI0_IRQHandler
                0x08000b48                I2C2_EV_IRQHandler
                0x08000b48                DMA1_Stream2_IRQHandler
                0x08000b48                CAN1_RX0_IRQHandler
                0x08000b48                FPU_IRQHandler
                0x08000b48                OTG_HS_WKUP_IRQHandler
                0x08000b48                CAN2_SCE_IRQHandler
                0x08000b48                DMA2_Stream2_IRQHandler
                0x08000b48                SPI1_IRQHandler
                0x08000b48                TIM1_BRK_TIM9_IRQHandler
                0x08000b48                DCMI_IRQHandler
                0x08000b48                CAN2_RX0_IRQHandler
                0x08000b48                DMA2_Stream3_IRQHandler
                0x08000b48                USART6_IRQHandler
                0x08000b48                USART3_IRQHandler
                0x08000b48                CAN1_RX1_IRQHandler
                0x08000b48                UART5_IRQHandler
                0x08000b48                DMA2_Stream0_IRQHandler
                0x08000b48                TIM4_IRQHandler
                0x08000b48                I2C1_EV_IRQHandler
                0x08000b48                DMA1_Stream6_IRQHandler
                0x08000b48                DMA1_Stream1_IRQHandler
                0x08000b48                UART4_IRQHandler
                0x08000b48                TIM3_IRQHandler
                0x08000b48                RCC_IRQHandler
                0x08000b48                TIM8_BRK_TIM12_IRQHandler
                0x08000b48                Default_Handler
                0x08000b48                EXTI15_10_IRQHandler
                0x08000b48                ADC_IRQHandler
                0x08000b48                DMA1_Stream7_IRQHandler
                0x08000b48                TIM7_IRQHandler
                0x08000b48                CAN2_TX_IRQHandler
                0x08000b48                TIM5_IRQHandler
                0x08000b48                DMA2_Stream7_IRQHandler
                0x08000b48                I2C3_EV_IRQHandler
                0x08000b48                EXTI9_5_IRQHandler
                0x08000b48                RTC_WKUP_IRQHandler
                0x08000b48                ETH_WKUP_IRQHandler
                0x08000b48                SPI2_IRQHandler
                0x08000b48                OTG_HS_EP1_IN_IRQHandler
                0x08000b48                DMA1_Stream0_IRQHandler
                0x08000b48                CAN1_TX_IRQHandler
                0x08000b48                EXTI4_IRQHandler
                0x08000b48                FSMC_IRQHandler
                0x08000b48                ETH_IRQHandler
                0x08000b48                OTG_HS_EP1_OUT_IRQHandler
                0x08000b48                WWDG_IRQHandler
                0x08000b48                TIM2_IRQHandler
                0x08000b48                OTG_FS_WKUP_IRQHandler
                0x08000b48                TIM1_TRG_COM_TIM11_IRQHandler
                0x08000b48                OTG_HS_IRQHandler
                0x08000b48                EXTI1_IRQHandler
                0x08000b48                USART2_IRQHandler
                0x08000b48                I2C2_ER_IRQHandler
                0x08000b48                DMA2_Stream1_IRQHandler
                0x08000b48                CAN1_SCE_IRQHandler
                0x08000b48                FLASH_IRQHandler
                0x08000b48                DMA2_Stream4_IRQHandler
                0x08000b48                USART1_IRQHandler
                0x08000b48                OTG_FS_IRQHandler
                0x08000b48                SPI3_IRQHandler
                0x08000b48                DMA1_Stream4_IRQHandler
                0x08000b48                I2C1_ER_IRQHandler
                0x08000b48                DMA2_Stream6_IRQHandler
                0x08000b48                DMA1_Stream3_IRQHandler
 *fill*         0x08000b4a        0x2 
 .text.HAL_Init
                0x08000b4c       0x44 ./Drivers/STM32F4xx_HAL_Driver/Src/stm32f4xx_hal.o
                0x08000b4c                HAL_Init
 .text.HAL_IncTick
                0x08000b90       0x28 ./Drivers/STM32F4xx_HAL_Driver/Src/stm32f4xx_hal.o
                0x08000b90                HAL_IncTick
 .text.HAL_GetTick
                0x08000bb8       0x18 ./Drivers/STM32F4xx_HAL_Driver/Src/stm32f4xx_hal.o
                0x08000bb8                HAL_GetTick
 .text.__NVIC_SetPriorityGrouping
                0x08000bd0       0x48 ./Drivers/STM32F4xx_HAL_Driver/Src/stm32f4xx_hal_cortex.o
 .text.__NVIC_GetPriorityGrouping
                0x08000c18       0x1c ./Drivers/STM32F4xx_HAL_Driver/Src/stm32f4xx_hal_cortex.o
 .text.__NVIC_EnableIRQ
                0x08000c34       0x3c ./Drivers/STM32F4xx_HAL_Driver/Src/stm32f4xx_hal_cortex.o
 .text.__NVIC_SetPriority
                0x08000c70       0x54 ./Drivers/STM32F4xx_HAL_Driver/Src/stm32f4xx_hal_cortex.o
 .text.NVIC_EncodePriority
                0x08000cc4       0x66 ./Drivers/STM32F4xx_HAL_Driver/Src/stm32f4xx_hal_cortex.o
 .text.HAL_NVIC_SetPriorityGrouping
                0x08000d2a       0x16 ./Drivers/STM32F4xx_HAL_Driver/Src/stm32f4xx_hal_cortex.o
                0x08000d2a                HAL_NVIC_SetPriorityGrouping
 .text.HAL_NVIC_SetPriority
                0x08000d40       0x38 ./Drivers/STM32F4xx_HAL_Driver/Src/stm32f4xx_hal_cortex.o
                0x08000d40                HAL_NVIC_SetPriority
 .text.HAL_NVIC_EnableIRQ
                0x08000d78       0x1c ./Drivers/STM32F4xx_HAL_Driver/Src/stm32f4xx_hal_cortex.o
                0x08000d78                HAL_NVIC_EnableIRQ
 .text.HAL_GPIO_Init
                0x08000d94      0x338 ./Drivers/STM32F4xx_HAL_Driver/Src/stm32f4xx_hal_gpio.o
                0x08000d94                HAL_GPIO_Init
 .text.HAL_GPIO_WritePin
                0x080010cc       0x32 ./Drivers/STM32F4xx_HAL_Driver/Src/stm32f4xx_hal_gpio.o
                0x080010cc                HAL_GPIO_WritePin
 *fill*         0x080010fe        0x2 
 .text.HAL_RCC_OscConfig
                0x08001100      0x4f0 ./Drivers/STM32F4xx_HAL_Driver/Src/stm32f4xx_hal_rcc.o
                0x08001100                HAL_RCC_OscConfig
 .text.HAL_RCC_ClockConfig
                0x080015f0      0x1cc ./Drivers/STM32F4xx_HAL_Driver/Src/stm32f4xx_hal_rcc.o
                0x080015f0                HAL_RCC_ClockConfig
 .text.HAL_RCC_GetSysClockFreq
                0x080017bc      0x20c ./Drivers/STM32F4xx_HAL_Driver/Src/stm32f4xx_hal_rcc.o
                0x080017bc                HAL_RCC_GetSysClockFreq
 .text.HAL_RCC_GetHCLKFreq
                0x080019c8       0x18 ./Drivers/STM32F4xx_HAL_Driver/Src/stm32f4xx_hal_rcc.o
                0x080019c8                HAL_RCC_GetHCLKFreq
 .text.HAL_RCC_GetPCLK1Freq
                0x080019e0       0x28 ./Drivers/STM32F4xx_HAL_Driver/Src/stm32f4xx_hal_rcc.o
                0x080019e0                HAL_RCC_GetPCLK1Freq
 .text.HAL_RCC_GetClockConfig
                0x08001a08       0x64 ./Drivers/STM32F4xx_HAL_Driver/Src/stm32f4xx_hal_rcc.o
                0x08001a08                HAL_RCC_GetClockConfig
 .text.HAL_TIM_Base_Init
                0x08001a6c       0x9e ./Drivers/STM32F4xx_HAL_Driver/Src/stm32f4xx_hal_tim.o
                0x08001a6c                HAL_TIM_Base_Init
 .text.HAL_TIM_Base_MspInit
                0x08001b0a       0x14 ./Drivers/STM32F4xx_HAL_Driver/Src/stm32f4xx_hal_tim.o
                0x08001b0a                HAL_TIM_Base_MspInit
 *fill*         0x08001b1e        0x2 
 .text.HAL_TIM_Base_Start_IT
                0x08001b20       0xe0 ./Drivers/STM32F4xx_HAL_Driver/Src/stm32f4xx_hal_tim.o
                0x08001b20                HAL_TIM_Base_Start_IT
 .text.HAL_TIM_IRQHandler
                0x08001c00      0x1e0 ./Drivers/STM32F4xx_HAL_Driver/Src/stm32f4xx_hal_tim.o
                0x08001c00                HAL_TIM_IRQHandler
 .text.HAL_TIM_OC_DelayElapsedCallback
                0x08001de0       0x14 ./Drivers/STM32F4xx_HAL_Driver/Src/stm32f4xx_hal_tim.o
                0x08001de0                HAL_TIM_OC_DelayElapsedCallback
 .text.HAL_TIM_IC_CaptureCallback
                0x08001df4       0x14 ./Drivers/STM32F4xx_HAL_Driver/Src/stm32f4xx_hal_tim.o
                0x08001df4                HAL_TIM_IC_CaptureCallback
 .text.HAL_TIM_PWM_PulseFinishedCallback
                0x08001e08       0x14 ./Drivers/STM32F4xx_HAL_Driver/Src/stm32f4xx_hal_tim.o
                0x08001e08                HAL_TIM_PWM_PulseFinishedCallback
 .text.HAL_TIM_TriggerCallback
                0x08001e1c       0x14 ./Drivers/STM32F4xx_HAL_Driver/Src/stm32f4xx_hal_tim.o
                0x08001e1c                HAL_TIM_TriggerCallback
 .text.TIM_Base_SetConfig
                0x08001e30      0x158 ./Drivers/STM32F4xx_HAL_Driver/Src/stm32f4xx_hal_tim.o
                0x08001e30                TIM_Base_SetConfig
 .text.HAL_TIMEx_CommutCallback
                0x08001f88       0x14 ./Drivers/STM32F4xx_HAL_Driver/Src/stm32f4xx_hal_tim_ex.o
                0x08001f88                HAL_TIMEx_CommutCallback
 .text.HAL_TIMEx_BreakCallback
                0x08001f9c       0x14 ./Drivers/STM32F4xx_HAL_Driver/Src/stm32f4xx_hal_tim_ex.o
                0x08001f9c                HAL_TIMEx_BreakCallback
 .text.vListInitialise
                0x08001fb0       0x40 ./ThirdParty/FreeRTOS/list.o
                0x08001fb0                vListInitialise
 .text.vListInitialiseItem
                0x08001ff0       0x1a ./ThirdParty/FreeRTOS/list.o
                0x08001ff0                vListInitialiseItem
 .text.xTaskCreate
                0x0800200a       0x8c ./ThirdParty/FreeRTOS/tasks.o
                0x0800200a                xTaskCreate
 .text.prvInitialiseNewTask
                0x08002096      0x120 ./ThirdParty/FreeRTOS/tasks.o
 *fill*         0x080021b6        0x2 
 .text.prvAddNewTaskToReadyList
                0x080021b8      0x12c ./ThirdParty/FreeRTOS/tasks.o
 .text.vTaskSuspendAll
                0x080022e4       0x1c ./ThirdParty/FreeRTOS/tasks.o
                0x080022e4                vTaskSuspendAll
 .text.xTaskResumeAll
                0x08002300      0x1f8 ./ThirdParty/FreeRTOS/tasks.o
                0x08002300                xTaskResumeAll
 .text.xTaskIncrementTick
                0x080024f8      0x230 ./ThirdParty/FreeRTOS/tasks.o
                0x080024f8                xTaskIncrementTick
 .text.vTaskSwitchContext
                0x08002728       0xb8 ./ThirdParty/FreeRTOS/tasks.o
                0x08002728                vTaskSwitchContext
 .text.prvInitialiseTaskLists
                0x080027e0       0x80 ./ThirdParty/FreeRTOS/tasks.o
 .text.prvResetNextTaskUnblockTime
                0x08002860       0x38 ./ThirdParty/FreeRTOS/tasks.o
 .text.pxPortInitialiseStack
                0x08002898       0x68 ./ThirdParty/FreeRTOS/portable/GCC/ARM_CM4F/port.o
                0x08002898                pxPortInitialiseStack
 .text.prvTaskExitError
                0x08002900       0x5c ./ThirdParty/FreeRTOS/portable/GCC/ARM_CM4F/port.o
 *fill*         0x0800295c        0x4 
 .text.SVC_Handler
                0x08002960       0x28 ./ThirdParty/FreeRTOS/portable/GCC/ARM_CM4F/port.o
                0x08002960                SVC_Handler
 .text.vPortEnterCritical
                0x08002988       0x64 ./ThirdParty/FreeRTOS/portable/GCC/ARM_CM4F/port.o
                0x08002988                vPortEnterCritical
 .text.vPortExitCritical
                0x080029ec       0x54 ./ThirdParty/FreeRTOS/portable/GCC/ARM_CM4F/port.o
                0x080029ec                vPortExitCritical
 .text.PendSV_Handler
                0x08002a40       0x68 ./ThirdParty/FreeRTOS/portable/GCC/ARM_CM4F/port.o
                0x08002a40                PendSV_Handler
 .text.SysTick_Handler
                0x08002aa8       0x44 ./ThirdParty/FreeRTOS/portable/GCC/ARM_CM4F/port.o
                0x08002aa8                SysTick_Handler
 .text.pvPortMalloc
                0x08002aec      0x178 ./ThirdParty/FreeRTOS/portable/MemMang/heap_4.o
                0x08002aec                pvPortMalloc
 .text.vPortFree
                0x08002c64       0xbc ./ThirdParty/FreeRTOS/portable/MemMang/heap_4.o
                0x08002c64                vPortFree
 .text.prvHeapInit
                0x08002d20       0xb8 ./ThirdParty/FreeRTOS/portable/MemMang/heap_4.o
 .text.prvInsertBlockIntoFreeList
                0x08002dd8       0xb4 ./ThirdParty/FreeRTOS/portable/MemMang/heap_4.o
 .text.memset   0x08002e8c       0x10 /opt/st/stm32cubeide_1.15.1/plugins/com.st.stm32cube.ide.mcu.externaltools.gnu-tools-for-stm32.12.3.rel1.linux64_1.0.100.202403111256/tools/bin/../lib/gcc/arm-none-eabi/12.3.1/../../../../arm-none-eabi/lib/thumb/v7e-m+fp/hard/libc_nano.a(libc_a-memset.o)
                0x08002e8c                memset
 .text.__libc_init_array
                0x08002e9c       0x48 /opt/st/stm32cubeide_1.15.1/plugins/com.st.stm32cube.ide.mcu.externaltools.gnu-tools-for-stm32.12.3.rel1.linux64_1.0.100.202403111256/tools/bin/../lib/gcc/arm-none-eabi/12.3.1/../../../../arm-none-eabi/lib/thumb/v7e-m+fp/hard/libc_nano.a(libc_a-init.o)
                0x08002e9c                __libc_init_array
 *(.glue_7)
 .glue_7        0x08002ee4        0x0 linker stubs
 *(.glue_7t)
 .glue_7t       0x08002ee4        0x0 linker stubs
 *(.eh_frame)
 .eh_frame      0x08002ee4        0x0 /opt/st/stm32cubeide_1.15.1/plugins/com.st.stm32cube.ide.mcu.externaltools.gnu-tools-for-stm32.12.3.rel1.linux64_1.0.100.202403111256/tools/bin/../lib/gcc/arm-none-eabi/12.3.1/thumb/v7e-m+fp/hard/crtbegin.o
 *(.init)
 .init          0x08002ee4        0x4 /opt/st/stm32cubeide_1.15.1/plugins/com.st.stm32cube.ide.mcu.externaltools.gnu-tools-for-stm32.12.3.rel1.linux64_1.0.100.202403111256/tools/bin/../lib/gcc/arm-none-eabi/12.3.1/thumb/v7e-m+fp/hard/crti.o
                0x08002ee4                _init
 .init          0x08002ee8        0x8 /opt/st/stm32cubeide_1.15.1/plugins/com.st.stm32cube.ide.mcu.externaltools.gnu-tools-for-stm32.12.3.rel1.linux64_1.0.100.202403111256/tools/bin/../lib/gcc/arm-none-eabi/12.3.1/thumb/v7e-m+fp/hard/crtn.o
 *(.fini)
 .fini          0x08002ef0        0x4 /opt/st/stm32cubeide_1.15.1/plugins/com.st.stm32cube.ide.mcu.externaltools.gnu-tools-for-stm32.12.3.rel1.linux64_1.0.100.202403111256/tools/bin/../lib/gcc/arm-none-eabi/12.3.1/thumb/v7e-m+fp/hard/crti.o
                0x08002ef0                _fini
 .fini          0x08002ef4        0x8 /opt/st/stm32cubeide_1.15.1/plugins/com.st.stm32cube.ide.mcu.externaltools.gnu-tools-for-stm32.12.3.rel1.linux64_1.0.100.202403111256/tools/bin/../lib/gcc/arm-none-eabi/12.3.1/thumb/v7e-m+fp/hard/crtn.o
                0x08002efc                        . = ALIGN (0x4)
                0x08002efc                        _etext = .

.vfp11_veneer   0x08002efc        0x0
 .vfp11_veneer  0x08002efc        0x0 linker stubs

.v4_bx          0x08002efc        0x0
 .v4_bx         0x08002efc        0x0 linker stubs

.iplt           0x08002efc        0x0
 .iplt          0x08002efc        0x0 /opt/st/stm32cubeide_1.15.1/plugins/com.st.stm32cube.ide.mcu.externaltools.gnu-tools-for-stm32.12.3.rel1.linux64_1.0.100.202403111256/tools/bin/../lib/gcc/arm-none-eabi/12.3.1/thumb/v7e-m+fp/hard/crtbegin.o

.rodata         0x08002efc       0x58
                0x08002efc                        . = ALIGN (0x4)
 *(.rodata)
 .rodata        0x08002efc       0x3f ./Core/Src/main.o
 *(.rodata*)
 *fill*         0x08002f3b        0x1 
 .rodata.AHBPrescTable
                0x08002f3c       0x10 ./Core/Src/system_stm32f4xx.o
                0x08002f3c                AHBPrescTable
 .rodata.APBPrescTable
                0x08002f4c        0x8 ./Core/Src/system_stm32f4xx.o
                0x08002f4c                APBPrescTable
                0x08002f54                        . = ALIGN (0x4)

.ARM.extab      0x08002f54        0x0
                0x08002f54                        . = ALIGN (0x4)
 *(.ARM.extab* .gnu.linkonce.armextab.*)
                0x08002f54                        . = ALIGN (0x4)

.ARM            0x08002f54        0x8
                0x08002f54                        . = ALIGN (0x4)
                0x08002f54                        __exidx_start = .
 *(.ARM.exidx*)
 .ARM.exidx     0x08002f54        0x8 /opt/st/stm32cubeide_1.15.1/plugins/com.st.stm32cube.ide.mcu.externaltools.gnu-tools-for-stm32.12.3.rel1.linux64_1.0.100.202403111256/tools/bin/../lib/gcc/arm-none-eabi/12.3.1/thumb/v7e-m+fp/hard/libgcc.a(_udivmoddi4.o)
                0x08002f5c                        __exidx_end = .
                0x08002f5c                        . = ALIGN (0x4)

.preinit_array  0x08002f5c        0x0
                0x08002f5c                        . = ALIGN (0x4)
                0x08002f5c                        PROVIDE (__preinit_array_start = .)
 *(.preinit_array*)
                0x08002f5c                        PROVIDE (__preinit_array_end = .)
                0x08002f5c                        . = ALIGN (0x4)

.init_array     0x08002f5c        0x4
                0x08002f5c                        . = ALIGN (0x4)
                0x08002f5c                        PROVIDE (__init_array_start = .)
 *(SORT_BY_NAME(.init_array.*))
 *(.init_array*)
 .init_array    0x08002f5c        0x4 /opt/st/stm32cubeide_1.15.1/plugins/com.st.stm32cube.ide.mcu.externaltools.gnu-tools-for-stm32.12.3.rel1.linux64_1.0.100.202403111256/tools/bin/../lib/gcc/arm-none-eabi/12.3.1/thumb/v7e-m+fp/hard/crtbegin.o
                0x08002f60                        PROVIDE (__init_array_end = .)
                0x08002f60                        . = ALIGN (0x4)

.fini_array     0x08002f60        0x4
                0x08002f60                        . = ALIGN (0x4)
                [!provide]                        PROVIDE (__fini_array_start = .)
 *(SORT_BY_NAME(.fini_array.*))
 *(.fini_array*)
 .fini_array    0x08002f60        0x4 /opt/st/stm32cubeide_1.15.1/plugins/com.st.stm32cube.ide.mcu.externaltools.gnu-tools-for-stm32.12.3.rel1.linux64_1.0.100.202403111256/tools/bin/../lib/gcc/arm-none-eabi/12.3.1/thumb/v7e-m+fp/hard/crtbegin.o
                [!provide]                        PROVIDE (__fini_array_end = .)
                0x08002f64                        . = ALIGN (0x4)
                0x08002f64                        _sidata = LOADADDR (.data)

.rel.dyn        0x08002f64        0x0
 .rel.iplt      0x08002f64        0x0 /opt/st/stm32cubeide_1.15.1/plugins/com.st.stm32cube.ide.mcu.externaltools.gnu-tools-for-stm32.12.3.rel1.linux64_1.0.100.202403111256/tools/bin/../lib/gcc/arm-none-eabi/12.3.1/thumb/v7e-m+fp/hard/crtbegin.o

.data           0x20000000       0x10 load address 0x08002f64
                0x20000000                        . = ALIGN (0x4)
                0x20000000                        _sdata = .
 *(.data)
 *(.data*)
 .data.SystemCoreClock
                0x20000000        0x4 ./Core/Src/system_stm32f4xx.o
                0x20000000                SystemCoreClock
 .data.uwTickPrio
                0x20000004        0x4 ./Drivers/STM32F4xx_HAL_Driver/Src/stm32f4xx_hal.o
                0x20000004                uwTickPrio
 .data.uwTickFreq
                0x20000008        0x1 ./Drivers/STM32F4xx_HAL_Driver/Src/stm32f4xx_hal.o
                0x20000008                uwTickFreq
 *fill*         0x20000009        0x3 
 .data.uxCriticalNesting
                0x2000000c        0x4 ./ThirdParty/FreeRTOS/portable/GCC/ARM_CM4F/port.o
 *(.RamFunc)
 *(.RamFunc*)
                0x20000010                        . = ALIGN (0x4)
                0x20000010                        _edata = .
                0x08002f74                        _siccmram = LOADADDR (.ccmram)

.igot.plt       0x20000010        0x0 load address 0x08002f74
 .igot.plt      0x20000010        0x0 /opt/st/stm32cubeide_1.15.1/plugins/com.st.stm32cube.ide.mcu.externaltools.gnu-tools-for-stm32.12.3.rel1.linux64_1.0.100.202403111256/tools/bin/../lib/gcc/arm-none-eabi/12.3.1/thumb/v7e-m+fp/hard/crtbegin.o

.ccmram         0x10000000        0x0 load address 0x08002f74
                0x10000000                        . = ALIGN (0x4)
                0x10000000                        _sccmram = .
 *(.ccmram)
 *(.ccmram*)
                0x10000000                        . = ALIGN (0x4)
                0x10000000                        _eccmram = .
                0x10000000                        . = ALIGN (0x4)

.bss            0x20000010    0x12d80
                0x20000010                        _sbss = .
                0x20000010                        __bss_start__ = _sbss
 *(.bss)
 .bss           0x20000010       0x1c /opt/st/stm32cubeide_1.15.1/plugins/com.st.stm32cube.ide.mcu.externaltools.gnu-tools-for-stm32.12.3.rel1.linux64_1.0.100.202403111256/tools/bin/../lib/gcc/arm-none-eabi/12.3.1/thumb/v7e-m+fp/hard/crtbegin.o
 *(.bss*)
 .bss.htim6     0x2000002c       0x48 ./Core/Src/stm32f4xx_hal_timebase_tim.o
                0x2000002c                htim6
 .bss.uwTick    0x20000074        0x4 ./Drivers/STM32F4xx_HAL_Driver/Src/stm32f4xx_hal.o
                0x20000074                uwTick
 .bss.pxCurrentTCB
                0x20000078        0x4 ./ThirdParty/FreeRTOS/tasks.o
                0x20000078                pxCurrentTCB
 .bss.pxReadyTasksLists
                0x2000007c       0x64 ./ThirdParty/FreeRTOS/tasks.o
 .bss.xDelayedTaskList1
                0x200000e0       0x14 ./ThirdParty/FreeRTOS/tasks.o
 .bss.xDelayedTaskList2
                0x200000f4       0x14 ./ThirdParty/FreeRTOS/tasks.o
 .bss.pxDelayedTaskList
                0x20000108        0x4 ./ThirdParty/FreeRTOS/tasks.o
 .bss.pxOverflowDelayedTaskList
                0x2000010c        0x4 ./ThirdParty/FreeRTOS/tasks.o
 .bss.xPendingReadyList
                0x20000110       0x14 ./ThirdParty/FreeRTOS/tasks.o
 .bss.xTasksWaitingTermination
                0x20000124       0x14 ./ThirdParty/FreeRTOS/tasks.o
 .bss.xSuspendedTaskList
                0x20000138       0x14 ./ThirdParty/FreeRTOS/tasks.o
 .bss.uxCurrentNumberOfTasks
                0x2000014c        0x4 ./ThirdParty/FreeRTOS/tasks.o
 .bss.xTickCount
                0x20000150        0x4 ./ThirdParty/FreeRTOS/tasks.o
 .bss.uxTopReadyPriority
                0x20000154        0x4 ./ThirdParty/FreeRTOS/tasks.o
 .bss.xSchedulerRunning
                0x20000158        0x4 ./ThirdParty/FreeRTOS/tasks.o
 .bss.xPendedTicks
                0x2000015c        0x4 ./ThirdParty/FreeRTOS/tasks.o
 .bss.xYieldPending
                0x20000160        0x4 ./ThirdParty/FreeRTOS/tasks.o
 .bss.xNumOfOverflows
                0x20000164        0x4 ./ThirdParty/FreeRTOS/tasks.o
 .bss.uxTaskNumber
                0x20000168        0x4 ./ThirdParty/FreeRTOS/tasks.o
 .bss.xNextTaskUnblockTime
                0x2000016c        0x4 ./ThirdParty/FreeRTOS/tasks.o
 .bss.uxSchedulerSuspended
                0x20000170        0x4 ./ThirdParty/FreeRTOS/tasks.o
 .bss.ucHeap    0x20000174    0x12c00 ./ThirdParty/FreeRTOS/portable/MemMang/heap_4.o
 .bss.xStart    0x20012d74        0x8 ./ThirdParty/FreeRTOS/portable/MemMang/heap_4.o
 .bss.pxEnd     0x20012d7c        0x4 ./ThirdParty/FreeRTOS/portable/MemMang/heap_4.o
 .bss.xFreeBytesRemaining
                0x20012d80        0x4 ./ThirdParty/FreeRTOS/portable/MemMang/heap_4.o
 .bss.xMinimumEverFreeBytesRemaining
                0x20012d84        0x4 ./ThirdParty/FreeRTOS/portable/MemMang/heap_4.o
 .bss.xNumberOfSuccessfulAllocations
                0x20012d88        0x4 ./ThirdParty/FreeRTOS/portable/MemMang/heap_4.o
 .bss.xNumberOfSuccessfulFrees
                0x20012d8c        0x4 ./ThirdParty/FreeRTOS/portable/MemMang/heap_4.o
 *(COMMON)
                0x20012d90                        . = ALIGN (0x4)
                0x20012d90                        _ebss = .
                0x20012d90                        __bss_end__ = _ebss

._user_heap_stack
                0x20012d90      0x600
                0x20012d90                        . = ALIGN (0x8)
                0x20012d90                        PROVIDE (end = .)
                [!provide]                        PROVIDE (_end = .)
                0x20012f90                        . = (. + _Min_Heap_Size)
 *fill*         0x20012d90      0x200 
                0x20013390                        . = (. + _Min_Stack_Size)
 *fill*         0x20012f90      0x400 
                0x20013390                        . = ALIGN (0x8)

/DISCARD/
 libc.a(*)
 libm.a(*)
 libgcc.a(*)

.ARM.attributes
                0x00000000       0x30
 *(.ARM.attributes)
 .ARM.attributes
                0x00000000       0x22 /opt/st/stm32cubeide_1.15.1/plugins/com.st.stm32cube.ide.mcu.externaltools.gnu-tools-for-stm32.12.3.rel1.linux64_1.0.100.202403111256/tools/bin/../lib/gcc/arm-none-eabi/12.3.1/thumb/v7e-m+fp/hard/crti.o
 .ARM.attributes
                0x00000022       0x34 /opt/st/stm32cubeide_1.15.1/plugins/com.st.stm32cube.ide.mcu.externaltools.gnu-tools-for-stm32.12.3.rel1.linux64_1.0.100.202403111256/tools/bin/../lib/gcc/arm-none-eabi/12.3.1/thumb/v7e-m+fp/hard/crtbegin.o
 .ARM.attributes
                0x00000056       0x34 ./Core/Src/main.o
 .ARM.attributes
                0x0000008a       0x34 ./Core/Src/stm32f4xx_hal_msp.o
 .ARM.attributes
                0x000000be       0x34 ./Core/Src/stm32f4xx_hal_timebase_tim.o
 .ARM.attributes
                0x000000f2       0x34 ./Core/Src/stm32f4xx_it.o
 .ARM.attributes
                0x00000126       0x34 ./Core/Src/system_stm32f4xx.o
 .ARM.attributes
                0x0000015a       0x21 ./Core/Startup/startup_stm32f407vgtx.o
 .ARM.attributes
                0x0000017b       0x34 ./Drivers/STM32F4xx_HAL_Driver/Src/stm32f4xx_hal.o
 .ARM.attributes
                0x000001af       0x34 ./Drivers/STM32F4xx_HAL_Driver/Src/stm32f4xx_hal_cortex.o
 .ARM.attributes
                0x000001e3       0x34 ./Drivers/STM32F4xx_HAL_Driver/Src/stm32f4xx_hal_gpio.o
 .ARM.attributes
                0x00000217       0x34 ./Drivers/STM32F4xx_HAL_Driver/Src/stm32f4xx_hal_rcc.o
 .ARM.attributes
                0x0000024b       0x34 ./Drivers/STM32F4xx_HAL_Driver/Src/stm32f4xx_hal_tim.o
 .ARM.attributes
                0x0000027f       0x34 ./Drivers/STM32F4xx_HAL_Driver/Src/stm32f4xx_hal_tim_ex.o
 .ARM.attributes
                0x000002b3       0x34 ./ThirdParty/FreeRTOS/list.o
 .ARM.attributes
                0x000002e7       0x34 ./ThirdParty/FreeRTOS/tasks.o
 .ARM.attributes
                0x0000031b       0x34 ./ThirdParty/FreeRTOS/portable/GCC/ARM_CM4F/port.o
 .ARM.attributes
                0x0000034f       0x34 ./ThirdParty/FreeRTOS/portable/MemMang/heap_4.o
 .ARM.attributes
                0x00000383       0x34 /opt/st/stm32cubeide_1.15.1/plugins/com.st.stm32cube.ide.mcu.externaltools.gnu-tools-for-stm32.12.3.rel1.linux64_1.0.100.202403111256/tools/bin/../lib/gcc/arm-none-eabi/12.3.1/../../../../arm-none-eabi/lib/thumb/v7e-m+fp/hard/libc_nano.a(libc_a-memset.o)
 .ARM.attributes
                0x000003b7       0x34 /opt/st/stm32cubeide_1.15.1/plugins/com.st.stm32cube.ide.mcu.externaltools.gnu-tools-for-stm32.12.3.rel1.linux64_1.0.100.202403111256/tools/bin/../lib/gcc/arm-none-eabi/12.3.1/../../../../arm-none-eabi/lib/thumb/v7e-m+fp/hard/libc_nano.a(libc_a-init.o)
 .ARM.attributes
                0x000003eb       0x22 /opt/st/stm32cubeide_1.15.1/plugins/com.st.stm32cube.ide.mcu.externaltools.gnu-tools-for-stm32.12.3.rel1.linux64_1.0.100.202403111256/tools/bin/../lib/gcc/arm-none-eabi/12.3.1/thumb/v7e-m+fp/hard/libgcc.a(_aeabi_uldivmod.o)
 .ARM.attributes
                0x0000040d       0x34 /opt/st/stm32cubeide_1.15.1/plugins/com.st.stm32cube.ide.mcu.externaltools.gnu-tools-for-stm32.12.3.rel1.linux64_1.0.100.202403111256/tools/bin/../lib/gcc/arm-none-eabi/12.3.1/thumb/v7e-m+fp/hard/libgcc.a(_udivmoddi4.o)
 .ARM.attributes
                0x00000441       0x22 /opt/st/stm32cubeide_1.15.1/plugins/com.st.stm32cube.ide.mcu.externaltools.gnu-tools-for-stm32.12.3.rel1.linux64_1.0.100.202403111256/tools/bin/../lib/gcc/arm-none-eabi/12.3.1/thumb/v7e-m+fp/hard/libgcc.a(_dvmd_tls.o)
 .ARM.attributes
                0x00000463       0x22 /opt/st/stm32cubeide_1.15.1/plugins/com.st.stm32cube.ide.mcu.externaltools.gnu-tools-for-stm32.12.3.rel1.linux64_1.0.100.202403111256/tools/bin/../lib/gcc/arm-none-eabi/12.3.1/thumb/v7e-m+fp/hard/crtn.o
OUTPUT(001Tasks.elf elf32-littlearm)
LOAD linker stubs
LOAD /opt/st/stm32cubeide_1.15.1/plugins/com.st.stm32cube.ide.mcu.externaltools.gnu-tools-for-stm32.12.3.rel1.linux64_1.0.100.202403111256/tools/bin/../lib/gcc/arm-none-eabi/12.3.1/../../../../arm-none-eabi/lib/thumb/v7e-m+fp/hard/libc.a
LOAD /opt/st/stm32cubeide_1.15.1/plugins/com.st.stm32cube.ide.mcu.externaltools.gnu-tools-for-stm32.12.3.rel1.linux64_1.0.100.202403111256/tools/bin/../lib/gcc/arm-none-eabi/12.3.1/../../../../arm-none-eabi/lib/thumb/v7e-m+fp/hard/libm.a
LOAD /opt/st/stm32cubeide_1.15.1/plugins/com.st.stm32cube.ide.mcu.externaltools.gnu-tools-for-stm32.12.3.rel1.linux64_1.0.100.202403111256/tools/bin/../lib/gcc/arm-none-eabi/12.3.1/thumb/v7e-m+fp/hard/libgcc.a

.debug_info     0x00000000     0xbdd6
 .debug_info    0x00000000      0xe48 ./Core/Src/main.o
 .debug_info    0x00000e48      0x265 ./Core/Src/stm32f4xx_hal_msp.o
 .debug_info    0x000010ad      0xbea ./Core/Src/stm32f4xx_hal_timebase_tim.o
 .debug_info    0x00001c97      0x6a7 ./Core/Src/stm32f4xx_it.o
 .debug_info    0x0000233e      0x50e ./Core/Src/system_stm32f4xx.o
 .debug_info    0x0000284c       0x30 ./Core/Startup/startup_stm32f407vgtx.o
 .debug_info    0x0000287c      0x940 ./Drivers/STM32F4xx_HAL_Driver/Src/stm32f4xx_hal.o
 .debug_info    0x000031bc      0xd88 ./Drivers/STM32F4xx_HAL_Driver/Src/stm32f4xx_hal_cortex.o
 .debug_info    0x00003f44      0x6bf ./Drivers/STM32F4xx_HAL_Driver/Src/stm32f4xx_hal_gpio.o
 .debug_info    0x00004603      0x8ab ./Drivers/STM32F4xx_HAL_Driver/Src/stm32f4xx_hal_rcc.o
 .debug_info    0x00004eae     0x2999 ./Drivers/STM32F4xx_HAL_Driver/Src/stm32f4xx_hal_tim.o
 .debug_info    0x00007847     0x14d7 ./Drivers/STM32F4xx_HAL_Driver/Src/stm32f4xx_hal_tim_ex.o
 .debug_info    0x00008d1e      0x2ab ./ThirdParty/FreeRTOS/list.o
 .debug_info    0x00008fc9     0x2411 ./ThirdParty/FreeRTOS/tasks.o
 .debug_info    0x0000b3da      0x4dd ./ThirdParty/FreeRTOS/portable/GCC/ARM_CM4F/port.o
 .debug_info    0x0000b8b7      0x51f ./ThirdParty/FreeRTOS/portable/MemMang/heap_4.o

.debug_abbrev   0x00000000     0x203c
 .debug_abbrev  0x00000000      0x2e0 ./Core/Src/main.o
 .debug_abbrev  0x000002e0       0xd6 ./Core/Src/stm32f4xx_hal_msp.o
 .debug_abbrev  0x000003b6      0x1f2 ./Core/Src/stm32f4xx_hal_timebase_tim.o
 .debug_abbrev  0x000005a8      0x17b ./Core/Src/stm32f4xx_it.o
 .debug_abbrev  0x00000723      0x118 ./Core/Src/system_stm32f4xx.o
 .debug_abbrev  0x0000083b       0x24 ./Core/Startup/startup_stm32f407vgtx.o
 .debug_abbrev  0x0000085f      0x212 ./Drivers/STM32F4xx_HAL_Driver/Src/stm32f4xx_hal.o
 .debug_abbrev  0x00000a71      0x31b ./Drivers/STM32F4xx_HAL_Driver/Src/stm32f4xx_hal_cortex.o
 .debug_abbrev  0x00000d8c      0x1d2 ./Drivers/STM32F4xx_HAL_Driver/Src/stm32f4xx_hal_gpio.o
 .debug_abbrev  0x00000f5e      0x2b5 ./Drivers/STM32F4xx_HAL_Driver/Src/stm32f4xx_hal_rcc.o
 .debug_abbrev  0x00001213      0x276 ./Drivers/STM32F4xx_HAL_Driver/Src/stm32f4xx_hal_tim.o
 .debug_abbrev  0x00001489      0x281 ./Drivers/STM32F4xx_HAL_Driver/Src/stm32f4xx_hal_tim_ex.o
 .debug_abbrev  0x0000170a       0xf3 ./ThirdParty/FreeRTOS/list.o
 .debug_abbrev  0x000017fd      0x393 ./ThirdParty/FreeRTOS/tasks.o
 .debug_abbrev  0x00001b90      0x258 ./ThirdParty/FreeRTOS/portable/GCC/ARM_CM4F/port.o
 .debug_abbrev  0x00001de8      0x254 ./ThirdParty/FreeRTOS/portable/MemMang/heap_4.o

.debug_aranges  0x00000000      0xc90
 .debug_aranges
                0x00000000       0x50 ./Core/Src/main.o
 .debug_aranges
                0x00000050       0x20 ./Core/Src/stm32f4xx_hal_msp.o
 .debug_aranges
                0x00000070       0x30 ./Core/Src/stm32f4xx_hal_timebase_tim.o
 .debug_aranges
                0x000000a0       0x50 ./Core/Src/stm32f4xx_it.o
 .debug_aranges
                0x000000f0       0x28 ./Core/Src/system_stm32f4xx.o
 .debug_aranges
                0x00000118       0x28 ./Core/Startup/startup_stm32f407vgtx.o
 .debug_aranges
                0x00000140       0xf0 ./Drivers/STM32F4xx_HAL_Driver/Src/stm32f4xx_hal.o
 .debug_aranges
                0x00000230      0x130 ./Drivers/STM32F4xx_HAL_Driver/Src/stm32f4xx_hal_cortex.o
 .debug_aranges
                0x00000360       0x58 ./Drivers/STM32F4xx_HAL_Driver/Src/stm32f4xx_hal_gpio.o
 .debug_aranges
                0x000003b8       0x88 ./Drivers/STM32F4xx_HAL_Driver/Src/stm32f4xx_hal_rcc.o
 .debug_aranges
                0x00000440      0x3d0 ./Drivers/STM32F4xx_HAL_Driver/Src/stm32f4xx_hal_tim.o
 .debug_aranges
                0x00000810      0x168 ./Drivers/STM32F4xx_HAL_Driver/Src/stm32f4xx_hal_tim_ex.o
 .debug_aranges
                0x00000978       0x40 ./ThirdParty/FreeRTOS/list.o
 .debug_aranges
                0x000009b8      0x1f8 ./ThirdParty/FreeRTOS/tasks.o
 .debug_aranges
                0x00000bb0       0x80 ./ThirdParty/FreeRTOS/portable/GCC/ARM_CM4F/port.o
 .debug_aranges
                0x00000c30       0x60 ./ThirdParty/FreeRTOS/portable/MemMang/heap_4.o

.debug_rnglists
                0x00000000      0x9af
 .debug_rnglists
                0x00000000       0x3a ./Core/Src/main.o
 .debug_rnglists
                0x0000003a       0x13 ./Core/Src/stm32f4xx_hal_msp.o
 .debug_rnglists
                0x0000004d       0x20 ./Core/Src/stm32f4xx_hal_timebase_tim.o
 .debug_rnglists
                0x0000006d       0x37 ./Core/Src/stm32f4xx_it.o
 .debug_rnglists
                0x000000a4       0x1a ./Core/Src/system_stm32f4xx.o
 .debug_rnglists
                0x000000be       0x19 ./Core/Startup/startup_stm32f407vgtx.o
 .debug_rnglists
                0x000000d7       0xaf ./Drivers/STM32F4xx_HAL_Driver/Src/stm32f4xx_hal.o
 .debug_rnglists
                0x00000186       0xe0 ./Drivers/STM32F4xx_HAL_Driver/Src/stm32f4xx_hal_cortex.o
 .debug_rnglists
                0x00000266       0x3f ./Drivers/STM32F4xx_HAL_Driver/Src/stm32f4xx_hal_gpio.o
 .debug_rnglists
                0x000002a5       0x66 ./Drivers/STM32F4xx_HAL_Driver/Src/stm32f4xx_hal_rcc.o
 .debug_rnglists
                0x0000030b      0x31a ./Drivers/STM32F4xx_HAL_Driver/Src/stm32f4xx_hal_tim.o
 .debug_rnglists
                0x00000625      0x125 ./Drivers/STM32F4xx_HAL_Driver/Src/stm32f4xx_hal_tim_ex.o
 .debug_rnglists
                0x0000074a       0x2b ./ThirdParty/FreeRTOS/list.o
 .debug_rnglists
                0x00000775      0x195 ./ThirdParty/FreeRTOS/tasks.o
 .debug_rnglists
                0x0000090a       0x5d ./ThirdParty/FreeRTOS/portable/GCC/ARM_CM4F/port.o
 .debug_rnglists
                0x00000967       0x48 ./ThirdParty/FreeRTOS/portable/MemMang/heap_4.o

.debug_line     0x00000000     0xa432
 .debug_line    0x00000000      0x59b ./Core/Src/main.o
 .debug_line    0x0000059b      0x207 ./Core/Src/stm32f4xx_hal_msp.o
 .debug_line    0x000007a2      0x33a ./Core/Src/stm32f4xx_hal_timebase_tim.o
 .debug_line    0x00000adc      0x2fb ./Core/Src/stm32f4xx_it.o
 .debug_line    0x00000dd7      0x2d3 ./Core/Src/system_stm32f4xx.o
 .debug_line    0x000010aa       0x7a ./Core/Startup/startup_stm32f407vgtx.o
 .debug_line    0x00001124      0x5b3 ./Drivers/STM32F4xx_HAL_Driver/Src/stm32f4xx_hal.o
 .debug_line    0x000016d7      0x865 ./Drivers/STM32F4xx_HAL_Driver/Src/stm32f4xx_hal_cortex.o
 .debug_line    0x00001f3c      0x6ed ./Drivers/STM32F4xx_HAL_Driver/Src/stm32f4xx_hal_gpio.o
 .debug_line    0x00002629      0x946 ./Drivers/STM32F4xx_HAL_Driver/Src/stm32f4xx_hal_rcc.o
 .debug_line    0x00002f6f     0x3335 ./Drivers/STM32F4xx_HAL_Driver/Src/stm32f4xx_hal_tim.o
 .debug_line    0x000062a4     0x1587 ./Drivers/STM32F4xx_HAL_Driver/Src/stm32f4xx_hal_tim_ex.o
 .debug_line    0x0000782b      0x387 ./ThirdParty/FreeRTOS/list.o
 .debug_line    0x00007bb2     0x1b25 ./ThirdParty/FreeRTOS/tasks.o
 .debug_line    0x000096d7      0x616 ./ThirdParty/FreeRTOS/portable/GCC/ARM_CM4F/port.o
 .debug_line    0x00009ced      0x745 ./ThirdParty/FreeRTOS/portable/MemMang/heap_4.o

.debug_str      0x00000000     0x4558
 .debug_str     0x00000000      0xa89 ./Core/Src/main.o
                                0xb59 (size before relaxing)
 .debug_str     0x00000a89       0x2c ./Core/Src/stm32f4xx_hal_msp.o
                                0x2c9 (size before relaxing)
 .debug_str     0x00000ab5      0x627 ./Core/Src/stm32f4xx_hal_timebase_tim.o
                                0xe7a (size before relaxing)
 .debug_str     0x000010dc       0xa7 ./Core/Src/stm32f4xx_it.o
                                0x768 (size before relaxing)
 .debug_str     0x00001183       0xdb ./Core/Src/system_stm32f4xx.o
                                0x383 (size before relaxing)
 .debug_str     0x0000125e       0x44 ./Core/Startup/startup_stm32f407vgtx.o
                                 0x78 (size before relaxing)
 .debug_str     0x000012a2      0x30b ./Drivers/STM32F4xx_HAL_Driver/Src/stm32f4xx_hal.o
                                0xb72 (size before relaxing)
 .debug_str     0x000015ad      0x47f ./Drivers/STM32F4xx_HAL_Driver/Src/stm32f4xx_hal_cortex.o
                                0xc83 (size before relaxing)
 .debug_str     0x00001a2c      0x12a ./Drivers/STM32F4xx_HAL_Driver/Src/stm32f4xx_hal_gpio.o
                                0x4ee (size before relaxing)
 .debug_str     0x00001b56      0x15d ./Drivers/STM32F4xx_HAL_Driver/Src/stm32f4xx_hal_rcc.o
                                0x703 (size before relaxing)
 .debug_str     0x00001cb3      0xf1a ./Drivers/STM32F4xx_HAL_Driver/Src/stm32f4xx_hal_tim.o
                               0x170d (size before relaxing)
 .debug_str     0x00002bcd      0x55e ./Drivers/STM32F4xx_HAL_Driver/Src/stm32f4xx_hal_tim_ex.o
                                0xf19 (size before relaxing)
 .debug_str     0x0000312b      0x146 ./ThirdParty/FreeRTOS/list.o
                                0x2fc (size before relaxing)
 .debug_str     0x00003271      0xe9d ./ThirdParty/FreeRTOS/tasks.o
                               0x1216 (size before relaxing)
 .debug_str     0x0000410e      0x17c ./ThirdParty/FreeRTOS/portable/GCC/ARM_CM4F/port.o
                                0x478 (size before relaxing)
 .debug_str     0x0000428a      0x2ce ./ThirdParty/FreeRTOS/portable/MemMang/heap_4.o
                                0x539 (size before relaxing)

.comment        0x00000000       0x43
 .comment       0x00000000       0x43 ./Core/Src/main.o
                                 0x44 (size before relaxing)
 .comment       0x00000043       0x44 ./Core/Src/stm32f4xx_hal_msp.o
 .comment       0x00000043       0x44 ./Core/Src/stm32f4xx_hal_timebase_tim.o
 .comment       0x00000043       0x44 ./Core/Src/stm32f4xx_it.o
 .comment       0x00000043       0x44 ./Core/Src/system_stm32f4xx.o
 .comment       0x00000043       0x44 ./Drivers/STM32F4xx_HAL_Driver/Src/stm32f4xx_hal.o
 .comment       0x00000043       0x44 ./Drivers/STM32F4xx_HAL_Driver/Src/stm32f4xx_hal_cortex.o
 .comment       0x00000043       0x44 ./Drivers/STM32F4xx_HAL_Driver/Src/stm32f4xx_hal_gpio.o
 .comment       0x00000043       0x44 ./Drivers/STM32F4xx_HAL_Driver/Src/stm32f4xx_hal_rcc.o
 .comment       0x00000043       0x44 ./Drivers/STM32F4xx_HAL_Driver/Src/stm32f4xx_hal_tim.o
 .comment       0x00000043       0x44 ./Drivers/STM32F4xx_HAL_Driver/Src/stm32f4xx_hal_tim_ex.o
 .comment       0x00000043       0x44 ./ThirdParty/FreeRTOS/list.o
 .comment       0x00000043       0x44 ./ThirdParty/FreeRTOS/tasks.o
 .comment       0x00000043       0x44 ./ThirdParty/FreeRTOS/portable/GCC/ARM_CM4F/port.o
 .comment       0x00000043       0x44 ./ThirdParty/FreeRTOS/portable/MemMang/heap_4.o

.debug_frame    0x00000000     0x33a8
 .debug_frame   0x00000000      0x108 ./Core/Src/main.o
 .debug_frame   0x00000108       0x38 ./Core/Src/stm32f4xx_hal_msp.o
 .debug_frame   0x00000140       0x74 ./Core/Src/stm32f4xx_hal_timebase_tim.o
 .debug_frame   0x000001b4       0xc4 ./Core/Src/stm32f4xx_it.o
 .debug_frame   0x00000278       0x58 ./Core/Src/system_stm32f4xx.o
 .debug_frame   0x000002d0      0x374 ./Drivers/STM32F4xx_HAL_Driver/Src/stm32f4xx_hal.o
 .debug_frame   0x00000644      0x508 ./Drivers/STM32F4xx_HAL_Driver/Src/stm32f4xx_hal_cortex.o
 .debug_frame   0x00000b4c      0x14c ./Drivers/STM32F4xx_HAL_Driver/Src/stm32f4xx_hal_gpio.o
 .debug_frame   0x00000c98      0x1f4 ./Drivers/STM32F4xx_HAL_Driver/Src/stm32f4xx_hal_rcc.o
 .debug_frame   0x00000e8c     0x11c0 ./Drivers/STM32F4xx_HAL_Driver/Src/stm32f4xx_hal_tim.o
 .debug_frame   0x0000204c      0x638 ./Drivers/STM32F4xx_HAL_Driver/Src/stm32f4xx_hal_tim_ex.o
 .debug_frame   0x00002684       0xd8 ./ThirdParty/FreeRTOS/list.o
 .debug_frame   0x0000275c      0x8a8 ./ThirdParty/FreeRTOS/tasks.o
 .debug_frame   0x00003004      0x1a8 ./ThirdParty/FreeRTOS/portable/GCC/ARM_CM4F/port.o
 .debug_frame   0x000031ac      0x150 ./ThirdParty/FreeRTOS/portable/MemMang/heap_4.o
 .debug_frame   0x000032fc       0x20 /opt/st/stm32cubeide_1.15.1/plugins/com.st.stm32cube.ide.mcu.externaltools.gnu-tools-for-stm32.12.3.rel1.linux64_1.0.100.202403111256/tools/bin/../lib/gcc/arm-none-eabi/12.3.1/../../../../arm-none-eabi/lib/thumb/v7e-m+fp/hard/libc_nano.a(libc_a-memset.o)
 .debug_frame   0x0000331c       0x2c /opt/st/stm32cubeide_1.15.1/plugins/com.st.stm32cube.ide.mcu.externaltools.gnu-tools-for-stm32.12.3.rel1.linux64_1.0.100.202403111256/tools/bin/../lib/gcc/arm-none-eabi/12.3.1/../../../../arm-none-eabi/lib/thumb/v7e-m+fp/hard/libc_nano.a(libc_a-init.o)
 .debug_frame   0x00003348       0x2c /opt/st/stm32cubeide_1.15.1/plugins/com.st.stm32cube.ide.mcu.externaltools.gnu-tools-for-stm32.12.3.rel1.linux64_1.0.100.202403111256/tools/bin/../lib/gcc/arm-none-eabi/12.3.1/thumb/v7e-m+fp/hard/libgcc.a(_aeabi_uldivmod.o)
 .debug_frame   0x00003374       0x34 /opt/st/stm32cubeide_1.15.1/plugins/com.st.stm32cube.ide.mcu.externaltools.gnu-tools-for-stm32.12.3.rel1.linux64_1.0.100.202403111256/tools/bin/../lib/gcc/arm-none-eabi/12.3.1/thumb/v7e-m+fp/hard/libgcc.a(_udivmoddi4.o)

.debug_line_str
                0x00000000       0x5c
 .debug_line_str
                0x00000000       0x5c ./Core/Startup/startup_stm32f407vgtx.o
